Warp UserWarning: Kernel cache artifacts from a previous Warp version were found in '/data/relcfd/chayo/physmorph_v2/cache/warp'. These will be ignored. You can safely delete them.
============================= test session starts ==============================
platform linux -- Python 3.10.20, pytest-9.0.3, pluggy-1.6.0
rootdir: /data/relcfd/chayo/physmorph_v2/work/p303/code_current_preparation2
configfile: pytest.ini (WARNING: ignoring pytest config in pyproject.toml!)
plugins: dash-4.1.0
Warp 1.16.0 initialized:
   CUDA Toolkit 12.9, Driver 13.1
   Devices:
     "cpu"      : "CPU"
     "cuda:0"   : "NVIDIA RTX 6000 Ada Generation" (47 GiB, sm_89, mempool enabled)
   Kernel cache:
     /data/relcfd/chayo/physmorph_v2/cache/warp/1.16.0
collected 6 items

tests/test_preparation_geometry_cuda.py ....Module physmorph.mpm.kernels c651c54 load on device 'cpu' took 1.42 ms  (cached)
Module physmorph.mpm.kernels 8863527 load on device 'cuda:0' took 11.71 ms  (cached)
.
tests/test_current_successor_cuda.py .

- generated xml file: /data/relcfd/chayo/physmorph_v2/work/p303/p337_cuda2.xml -
============================== 6 passed in 5.48s ===============================
