Warp UserWarning: Kernel cache artifacts from a previous Warp version were found in '/data/relcfd/chayo/physmorph_v2/cache/warp'. These will be ignored. You can safely delete them.
Warp 1.16.0 initialized:
   CUDA Toolkit 12.9, Driver 13.1
   Devices:
     "cpu"      : "CPU"
     "cuda:0"   : "NVIDIA RTX 6000 Ada Generation" (47 GiB, sm_89, mempool enabled)
   Kernel cache:
     /data/relcfd/chayo/physmorph_v2/cache/warp/1.16.0
[target] denoised shading target: spacing 0.1327, normal grid 73^3 at 0.1531 wu (1.15 spacings), blur 1.30 cells
/data/relcfd/chayo/physmorph_v2/work/p303/code_production_withdrawal1/physmorph/pipeline/runner.py:305: UserWarning: Converting a tensor with requires_grad=True to a scalar may lead to unexpected behavior.
Consider using tensor.detach() first. (Triggered internally at /pytorch/torch/csrc/autograd/generated/python_variable_methods.cpp:835.)
  if float(L_den) <= 0 or float(g_den) <= 0:
[v2] phys_loss auto: 1.3% of the source particles sit in target-empty cells -> ot_pace + cell-wise hand-off
[v2] density units: D_vol legacy(22^3)/density = 3.3e+04 (weights), gradient ratio = 6.81e+04 (eps/target_norm), n_support=3205 m_ref=93.6
Module physmorph.mpm.kernels 8863527 load on device 'cuda:0' took 10.81 ms  (cached)
[v2] N=300000 T=20 iters=8 animations=300 render=on(a=0.5) material=off assim=0.5 w_kin=5.0 w_box=10.0
[v2] render-controls-physics contract: control_grid=0 tknots=0 render_F_geom=False w_kin_running=0.0 grad_mode=render gs_cheb=False loss_units=density
[v2] anim 1: fragments 0 particles
Module physmorph.render.knn_gpu 9d6aaef load on device 'cuda:0' took 0.47 ms  (cached)
[win] OT plan: sqrt(eps)=0.2271 wu = 0.741 loss cells, tol 0.01 (cap 400 sweeps), 8192 target samples
[win] OT leash: displacement denoised over k=64 material neighbours (blur radius 0.2271 wu / spacing 0.06837)
[win] coherent pace: 0.0 % of the particles ahead of their neighbourhood (held share of the step 0.000)
[win] paced render target: paced-vs-target 1.258e-01, morph-vs-paced 4.453e-02
[win] OT pace: target cells with mass beyond one cell of the body: 514 (cell-wise hand-off: 1684 deficit cells on the fixed target)
[win] OT pace: 17.7% of particles within one blur radius of their image, mean |d|=0.575 wu, max |d|=2.73 wu
[layer] u transport gate: 4.1 % of the layer within 1 cell(s) of its OT image
[win] OT plan solved: 60 sweeps err=0.0063, self 52 sweeps err=0.00395, 1.15s
[win] body control: 2832 grid nodes, 2 temporal mode(s), joint nominal coefficient bound 0.3063 wu
[win] replay calibration: EA=0.17832911 EB=0.17832911 unit_ratio=33003.3594 abs_noise=0 relative_noise=0
[v2] control basis: {'control_grid': 0, 'control_tknots': 20, 'n_nodes': 300000, 'n_dof': 54000000, 'n_dof_per_particle': 54000000, 'cell': 0.0, 'empty_nodes': 0}
[v2] anim 1/300  L=0.1000  D_vol=0.073  D_r=0.02195  lam=0.309  kin=2.2892  |v|max=3.937  move=0.1709  Jmin=0.973  acc/rej=8/0
[win] coherent pace: 0.0 % of the particles ahead of their neighbourhood (held share of the step 0.000)
[win] paced render target: paced-vs-target 9.779e-02, morph-vs-paced 3.657e-02
[win] OT pace: target cells with mass beyond one cell of the body: 384 (cell-wise hand-off: 1643 deficit cells on the fixed target)
[win] OT pace: 32.4% of particles within one blur radius of their image, mean |d|=0.458 wu, max |d|=2.77 wu
[layer] u transport gate: 20.4 % of the layer within 1 cell(s) of its OT image
[win] OT plan solved: 64 sweeps err=0.00864, self 52 sweeps err=0.00391, 1.06s
[win] body control: 2836 grid nodes, 2 temporal mode(s), joint nominal coefficient bound 0.3063 wu
[win] replay calibration: EA=0.0619775028 EB=0.0619774917 unit_ratio=33003.3594 abs_noise=1.11758709e-08 relative_noise=1.80321413e-07
[win] coherent pace: 0.0 % of the particles ahead of their neighbourhood (held share of the step 0.000)
[win] paced render target: paced-vs-target 6.668e-02, morph-vs-paced 2.818e-02
[win] OT pace: target cells with mass beyond one cell of the body: 220 (cell-wise hand-off: 1718 deficit cells on the fixed target)
[win] OT pace: 73.2% of particles within one blur radius of their image, mean |d|=0.317 wu, max |d|=2.65 wu
[layer] u transport gate: 65.5 % of the layer within 1 cell(s) of its OT image
[win] OT plan solved: 68 sweeps err=0.00837, self 52 sweeps err=0.00396, 1.10s
[win] body control: 2879 grid nodes, 2 temporal mode(s), joint nominal coefficient bound 0.3063 wu
[win] replay calibration: EA=0.0390862016 EB=0.0390862058 unit_ratio=33003.3594 abs_noise=4.23522974e-09 relative_noise=1.08356135e-07
[win] coherent pace: 0.0 % of the particles ahead of their neighbourhood (held share of the step 0.000)
[win] paced render target: paced-vs-target 5.409e-02, morph-vs-paced 1.746e-02
[win] OT pace: target cells with mass beyond one cell of the body: 193 (cell-wise hand-off: 1593 deficit cells on the fixed target)
[win] OT pace: 82.3% of particles within one blur radius of their image, mean |d|=0.216 wu, max |d|=2.46 wu
[layer] u transport gate: 75.9 % of the layer within 1 cell(s) of its OT image
[win] OT plan solved: 72 sweeps err=0.00814, self 48 sweeps err=0.004, 1.12s
[win] body control: 2946 grid nodes, 2 temporal mode(s), joint nominal coefficient bound 0.3063 wu
[win] replay calibration: EA=0.0314463172 EB=0.0314463172 unit_ratio=33003.3594 abs_noise=0 relative_noise=0
[win] coherent pace: 0.1 % of the particles ahead of their neighbourhood (held share of the step 0.000)
[win] paced render target: paced-vs-target 4.902e-02, morph-vs-paced 1.139e-02
[win] OT pace: target cells with mass beyond one cell of the body: 148 (cell-wise hand-off: 1582 deficit cells on the fixed target)
[win] OT pace: 86.8% of particles within one blur radius of their image, mean |d|=0.173 wu, max |d|=2.37 wu
[layer] u transport gate: 80.3 % of the layer within 1 cell(s) of its OT image
[win] OT plan solved: 72 sweeps err=0.0082, self 48 sweeps err=0.00402, 1.12s
[win] body control: 3010 grid nodes, 2 temporal mode(s), joint nominal coefficient bound 0.3063 wu
[win] replay calibration: EA=0.025518817 EB=0.025518817 unit_ratio=33003.3594 abs_noise=0 relative_noise=0
[v2] anim 5: control step reversals 15 % of the moving particles, step scale median 1.000, below 0.1: 0 %, below 0.01: 0 %
[v2] anim 5: pinned 2.5 % of the particles
[win] coherent pace: 0.1 % of the particles ahead of their neighbourhood (held share of the step 0.000)
[win] paced render target: paced-vs-target 4.397e-02, morph-vs-paced 9.714e-03
[win] OT pace: target cells with mass beyond one cell of the body: 111 (cell-wise hand-off: 1590 deficit cells on the fixed target)
[win] OT pace: 92.0% of particles within one blur radius of their image, mean |d|=0.147 wu, max |d|=2.25 wu
[layer] u transport gate: 83.5 % of the layer within 1 cell(s) of its OT image
[win] OT plan solved: 68 sweeps err=0.00993, self 48 sweeps err=0.00408, 1.09s
[win] body control: 3024 grid nodes, 2 temporal mode(s), joint nominal coefficient bound 0.3063 wu
[win] replay calibration: EA=0.0156707983 EB=0.0156707985 unit_ratio=33003.3594 abs_noise=1.59721642e-10 relative_noise=1.01923105e-08
[win] coherent pace: 0.1 % of the particles ahead of their neighbourhood (held share of the step 0.001)
[win] paced render target: paced-vs-target 3.783e-02, morph-vs-paced 9.389e-03
[win] OT pace: target cells with mass beyond one cell of the body: 83 (cell-wise hand-off: 1683 deficit cells on the fixed target)
[win] OT pace: 94.7% of particles within one blur radius of their image, mean |d|=0.131 wu, max |d|=1.97 wu
[layer] u transport gate: 85.2 % of the layer within 1 cell(s) of its OT image
[win] OT plan solved: 68 sweeps err=0.00998, self 48 sweeps err=0.00412, 1.08s
[win] body control: 3062 grid nodes, 2 temporal mode(s), joint nominal coefficient bound 0.3063 wu
[win] replay calibration: EA=0.0111631935 EB=0.0111631935 unit_ratio=33003.3594 abs_noise=0 relative_noise=0
[win] coherent pace: 0.2 % of the particles ahead of their neighbourhood (held share of the step 0.001)
[win] paced render target: paced-vs-target 3.203e-02, morph-vs-paced 8.914e-03
[win] OT pace: target cells with mass beyond one cell of the body: 46 (cell-wise hand-off: 1741 deficit cells on the fixed target)
[win] OT pace: 95.5% of particles within one blur radius of their image, mean |d|=0.119 wu, max |d|=1.78 wu
[layer] u transport gate: 84.8 % of the layer within 1 cell(s) of its OT image
[win] OT plan solved: 72 sweeps err=0.00979, self 48 sweeps err=0.00414, 1.12s
[win] body control: 3088 grid nodes, 2 temporal mode(s), joint nominal coefficient bound 0.3063 wu
[win] replay calibration: EA=0.0097247754 EB=0.0097247754 unit_ratio=33003.3594 abs_noise=0 relative_noise=0
[win] coherent pace: 0.2 % of the particles ahead of their neighbourhood (held share of the step 0.001)
[win] paced render target: paced-vs-target 2.503e-02, morph-vs-paced 8.620e-03
[win] OT pace: target cells with mass beyond one cell of the body: 25 (cell-wise hand-off: 1785 deficit cells on the fixed target)
[win] OT pace: 95.9% of particles within one blur radius of their image, mean |d|=0.109 wu, max |d|=1.71 wu
[layer] u transport gate: 84.6 % of the layer within 1 cell(s) of its OT image
[win] OT plan solved: 76 sweeps err=0.0086, self 48 sweeps err=0.00416, 1.15s
[win] body control: 3107 grid nodes, 2 temporal mode(s), joint nominal coefficient bound 0.3063 wu
[win] replay calibration: EA=0.00833529985 EB=0.00833529998 unit_ratio=33003.3594 abs_noise=1.28082857e-10 relative_noise=1.53663166e-08
[win] coherent pace: 0.2 % of the particles ahead of their neighbourhood (held share of the step 0.001)
[win] paced render target: paced-vs-target 1.861e-02, morph-vs-paced 8.833e-03
[win] OT pace: target cells with mass beyond one cell of the body: 0 (cell-wise hand-off: 1859 deficit cells on the fixed target)
[win] OT pace: 96.2% of particles within one blur radius of their image, mean |d|=0.1 wu, max |d|=1.62 wu
[layer] u transport gate: 84.6 % of the layer within 1 cell(s) of its OT image
[win] OT plan solved: 76 sweeps err=0.00885, self 48 sweeps err=0.00418, 1.15s
[win] body control: 3148 grid nodes, 2 temporal mode(s), joint nominal coefficient bound 0.3063 wu
[win] replay calibration: EA=0.00727133556 EB=0.00727133556 unit_ratio=33003.3594 abs_noise=0 relative_noise=0
[v2] anim 10: u sign flips 24 % of the layer, u bound scale median 0.60, at the floor 2 %
[v2] anim 10: control step reversals 24 % of the moving particles, step scale median 0.864, below 0.1: 6 %, below 0.01: 0 %
[v2] anim 10: pinned 52.5 % of the particles
[v2] anim 11: fragments 0 particles
[win] coherent pace: 0.2 % of the particles ahead of their neighbourhood (held share of the step 0.001)
[win] paced render target: paced-vs-target 1.601e-02, morph-vs-paced 6.839e-03
[win] OT pace: target cells with mass beyond one cell of the body: 0 (cell-wise hand-off: 1855 deficit cells on the fixed target)
[win] OT pace: 96.5% of particles within one blur radius of their image, mean |d|=0.0931 wu, max |d|=1.59 wu
[layer] u transport gate: 85.0 % of the layer within 1 cell(s) of its OT image
[win] OT plan solved: 76 sweeps err=0.00892, self 48 sweeps err=0.0042, 1.15s
[win] body control: 3158 grid nodes, 2 temporal mode(s), joint nominal coefficient bound 0.3063 wu
[win] replay calibration: EA=0.00624590705 EB=0.00624590705 unit_ratio=33003.3594 abs_noise=0 relative_noise=0
[win] coherent pace: 0.2 % of the particles ahead of their neighbourhood (held share of the step 0.001)
[win] paced render target: paced-vs-target 1.416e-02, morph-vs-paced 5.923e-03
[win] OT pace: target cells with mass beyond one cell of the body: 0 (cell-wise hand-off: 1898 deficit cells on the fixed target)
[win] OT pace: 96.8% of particles within one blur radius of their image, mean |d|=0.087 wu, max |d|=1.48 wu
[layer] u transport gate: 85.6 % of the layer within 1 cell(s) of its OT image
[win] OT plan solved: 76 sweeps err=0.00958, self 48 sweeps err=0.0042, 1.15s
[win] body control: 3156 grid nodes, 2 temporal mode(s), joint nominal coefficient bound 0.3063 wu
[win] replay calibration: EA=0.00513406282 EB=0.00513406334 unit_ratio=33003.3594 abs_noise=5.19682618e-10 relative_noise=1.01222489e-07
[win] coherent pace: 0.2 % of the particles ahead of their neighbourhood (held share of the step 0.001)
[win] paced render target: paced-vs-target 1.262e-02, morph-vs-paced 6.540e-03
[win] OT pace: target cells with mass beyond one cell of the body: 0 (cell-wise hand-off: 1930 deficit cells on the fixed target)
[win] OT pace: 97.0% of particles within one blur radius of their image, mean |d|=0.0829 wu, max |d|=1.36 wu
[layer] u transport gate: 86.1 % of the layer within 1 cell(s) of its OT image
[win] OT plan solved: 80 sweeps err=0.00878, self 48 sweeps err=0.00421, 1.18s
[win] body control: 3154 grid nodes, 2 temporal mode(s), joint nominal coefficient bound 0.3063 wu
[win] replay calibration: EA=0.0042500883 EB=0.0042500883 unit_ratio=33003.3594 abs_noise=0 relative_noise=0
[win] coherent pace: 0.2 % of the particles ahead of their neighbourhood (held share of the step 0.001)
[win] paced render target: paced-vs-target 1.174e-02, morph-vs-paced 5.808e-03
[win] OT pace: target cells with mass beyond one cell of the body: 0 (cell-wise hand-off: 1959 deficit cells on the fixed target)
[win] OT pace: 97.4% of particles within one blur radius of their image, mean |d|=0.0777 wu, max |d|=1.11 wu
[layer] u transport gate: 88.4 % of the layer within 1 cell(s) of its OT image
[win] OT plan solved: 80 sweeps err=0.00911, self 48 sweeps err=0.00422, 1.19s
[win] body control: 3160 grid nodes, 2 temporal mode(s), joint nominal coefficient bound 0.3063 wu
[win] replay calibration: EA=0.00369210832 EB=0.00369210783 unit_ratio=33003.3594 abs_noise=4.86311289e-10 relative_noise=1.3171642e-07
[win] coherent pace: 0.2 % of the particles ahead of their neighbourhood (held share of the step 0.001)
[win] paced render target: paced-vs-target 1.148e-02, morph-vs-paced 4.920e-03
[win] OT pace: target cells with mass beyond one cell of the body: 0 (cell-wise hand-off: 1979 deficit cells on the fixed target)
[win] OT pace: 98.2% of particles within one blur radius of their image, mean |d|=0.074 wu, max |d|=0.943 wu
[layer] u transport gate: 92.1 % of the layer within 1 cell(s) of its OT image
[win] OT plan solved: 80 sweeps err=0.00982, self 48 sweeps err=0.00423, 1.18s
[win] body control: 3148 grid nodes, 2 temporal mode(s), joint nominal coefficient bound 0.3063 wu
[win] replay calibration: EA=0.00323101111 EB=0.00323101107 unit_ratio=33003.3594 abs_noise=4.05369952e-11 relative_noise=1.25462259e-08
[v2] anim 15: control step reversals 13 % of the moving particles, step scale median 0.889, below 0.1: 6 %, below 0.01: 0 %
[v2] anim 15: pinned 73.0 % of the particles
[win] coherent pace: 0.2 % of the particles ahead of their neighbourhood (held share of the step 0.001)
[win] paced render target: paced-vs-target 1.052e-02, morph-vs-paced 3.695e-03
[win] OT pace: target cells with mass beyond one cell of the body: 0 (cell-wise hand-off: 1984 deficit cells on the fixed target)
[win] OT pace: 99.1% of particles within one blur radius of their image, mean |d|=0.071 wu, max |d|=0.663 wu
[layer] u transport gate: 96.7 % of the layer within 1 cell(s) of its OT image
[win] OT plan solved: 84 sweeps err=0.00893, self 48 sweeps err=0.00425, 1.22s
[win] body control: 3150 grid nodes, 2 temporal mode(s), joint nominal coefficient bound 0.3063 wu
[win] replay calibration: EA=0.00288538675 EB=0.00288538677 unit_ratio=33003.3594 abs_noise=1.98428908e-11 relative_noise=6.87702983e-09
[win] coherent pace: 0.2 % of the particles ahead of their neighbourhood (held share of the step 0.001)
[win] paced render target: paced-vs-target 9.065e-03, morph-vs-paced 1.523e-03
[win] OT pace: target cells with mass beyond one cell of the body: 0 (cell-wise hand-off: 1998 deficit cells on the fixed target)
[win] OT pace: 99.5% of particles within one blur radius of their image, mean |d|=0.0678 wu, max |d|=0.42 wu
[layer] u transport gate: 98.6 % of the layer within 1 cell(s) of its OT image
[win] OT plan solved: 84 sweeps err=0.0092, self 48 sweeps err=0.00427, 1.21s
[win] body control: 3144 grid nodes, 2 temporal mode(s), joint nominal coefficient bound 0.3063 wu
[win] replay calibration: EA=0.002510186 EB=0.00251018601 unit_ratio=33003.3594 abs_noise=9.61812834e-12 relative_noise=3.83163971e-09
[win] coherent pace: 0.2 % of the particles ahead of their neighbourhood (held share of the step 0.001)
[win] paced render target: paced-vs-target 8.968e-03, morph-vs-paced 1.319e-03
[win] OT pace: target cells with mass beyond one cell of the body: 0 (cell-wise hand-off: 2008 deficit cells on the fixed target)
[win] OT pace: 99.7% of particles within one blur radius of their image, mean |d|=0.0662 wu, max |d|=0.384 wu
[layer] u transport gate: 99.3 % of the layer within 1 cell(s) of its OT image
[win] OT plan solved: 84 sweeps err=0.00923, self 48 sweeps err=0.00428, 1.21s
[win] body control: 3137 grid nodes, 2 temporal mode(s), joint nominal coefficient bound 0.3063 wu
[win] replay calibration: EA=0.00234022229 EB=0.00234022229 unit_ratio=33003.3594 abs_noise=0 relative_noise=0
[win] coherent pace: 0.2 % of the particles ahead of their neighbourhood (held share of the step 0.001)
[win] paced render target: paced-vs-target 9.009e-03, morph-vs-paced 1.122e-03
[win] OT pace: target cells with mass beyond one cell of the body: 0 (cell-wise hand-off: 2012 deficit cells on the fixed target)
[win] OT pace: 99.8% of particles within one blur radius of their image, mean |d|=0.0649 wu, max |d|=0.364 wu
[layer] u transport gate: 99.7 % of the layer within 1 cell(s) of its OT image
[win] OT plan solved: 84 sweeps err=0.00906, self 48 sweeps err=0.00428, 1.21s
[win] body control: 3130 grid nodes, 2 temporal mode(s), joint nominal coefficient bound 0.3063 wu
[win] replay calibration: EA=0.00221153482 EB=0.00221153505 unit_ratio=33003.3594 abs_noise=2.28984185e-10 relative_noise=1.03540846e-07
[win] coherent pace: 0.2 % of the particles ahead of their neighbourhood (held share of the step 0.001)
[win] paced render target: paced-vs-target 8.914e-03, morph-vs-paced 1.090e-03
[win] OT pace: target cells with mass beyond one cell of the body: 0 (cell-wise hand-off: 2010 deficit cells on the fixed target)
[win] OT pace: 99.9% of particles within one blur radius of their image, mean |d|=0.0635 wu, max |d|=0.34 wu
[layer] u transport gate: 100.0 % of the layer within 1 cell(s) of its OT image
[win] OT plan solved: 84 sweeps err=0.00895, self 48 sweeps err=0.00429, 1.21s
[win] body control: 3140 grid nodes, 2 temporal mode(s), joint nominal coefficient bound 0.3063 wu
[win] replay calibration: EA=0.00215206439 EB=0.00215206415 unit_ratio=33003.3594 abs_noise=2.32830644e-10 relative_noise=1.08189441e-07
[v2] anim 20: u sign flips 12 % of the layer, u bound scale median 1.00, at the floor 1 %
[v2] anim 20: control step reversals 11 % of the moving particles, step scale median 0.778, below 0.1: 4 %, below 0.01: 0 %
[v2] anim 20: pinned 82.2 % of the particles
[v2] optimization stopped: manual_window_cap; optimizer attempts=20; individual-particle rest not evaluated
