Warp UserWarning: Kernel cache artifacts from a previous Warp version were found in '/data/relcfd/chayo/physmorph_v2/cache/warp'. These will be ignored. You can safely delete them.
Warp 1.16.0 initialized:
   CUDA Toolkit 12.9, Driver 13.1
   Devices:
     "cpu"      : "CPU"
     "cuda:0"   : "NVIDIA RTX 6000 Ada Generation" (47 GiB, sm_89, mempool enabled)
   Kernel cache:
     /data/relcfd/chayo/physmorph_v2/cache/warp/1.16.0
[target] denoised shading target: spacing 0.1327, normal grid 73^3 at 0.1531 wu (1.15 spacings), blur 1.30 cells
/data/relcfd/chayo/physmorph_v2/work/p303/code_braking_capture1/physmorph/pipeline/runner.py:305: UserWarning: Converting a tensor with requires_grad=True to a scalar may lead to unexpected behavior.
Consider using tensor.detach() first. (Triggered internally at /pytorch/torch/csrc/autograd/generated/python_variable_methods.cpp:835.)
  if float(L_den) <= 0 or float(g_den) <= 0:
[v2] phys_loss auto: 1.3% of the source particles sit in target-empty cells -> ot_pace + cell-wise hand-off
[v2] density units: D_vol legacy(22^3)/density = 3.3e+04 (weights), gradient ratio = 6.81e+04 (eps/target_norm), n_support=3205 m_ref=93.6
Module physmorph.mpm.kernels 8863527 load on device 'cuda:0' took 10.80 ms  (cached)
[v2] N=300000 T=20 iters=8 animations=300 render=on(a=0.5) material=off assim=0.5 w_kin=5.0 w_box=10.0
[v2] render-controls-physics contract: control_grid=0 tknots=0 render_F_geom=False w_kin_running=0.0 grad_mode=render gs_cheb=False loss_units=density
[v2] anim 1: fragments 0 particles
Module physmorph.render.knn_gpu 9d6aaef load on device 'cuda:0' took 0.45 ms  (cached)
[win] OT plan: sqrt(eps)=0.2271 wu = 0.741 loss cells, tol 0.01 (cap 400 sweeps), 8192 target samples
[win] OT leash: displacement denoised over k=64 material neighbours (blur radius 0.2271 wu / spacing 0.06837)
[win] coherent pace: 0.0 % of the particles ahead of their neighbourhood (held share of the step 0.000)
[win] paced render target: paced-vs-target 1.258e-01, morph-vs-paced 4.453e-02
[win] OT pace: target cells with mass beyond one cell of the body: 514 (cell-wise hand-off: 1684 deficit cells on the fixed target)
[win] OT pace: 17.7% of particles within one blur radius of their image, mean |d|=0.575 wu, max |d|=2.73 wu
[layer] u transport gate: 4.1 % of the layer within 1 cell(s) of its OT image
[win] OT plan solved: 60 sweeps err=0.0063, self 52 sweeps err=0.00395, 1.15s
[win] body control: 2832 grid nodes, 2 temporal mode(s), joint nominal coefficient bound 0.3063 wu
[win] replay calibration: EA=0.17832911 EB=0.17832911 unit_ratio=33003.3594 abs_noise=0 relative_noise=0
[v2] control basis: {'control_grid': 0, 'control_tknots': 20, 'n_nodes': 300000, 'n_dof': 54000000, 'n_dof_per_particle': 54000000, 'cell': 0.0, 'empty_nodes': 0}
[v2] anim 1/300  L=0.1000  D_vol=0.073  D_r=0.02194  lam=0.309  kin=2.2892  |v|max=3.938  move=0.1709  Jmin=0.973  acc/rej=8/0
[win] coherent pace: 0.0 % of the particles ahead of their neighbourhood (held share of the step 0.000)
[win] paced render target: paced-vs-target 9.779e-02, morph-vs-paced 3.656e-02
[win] OT pace: target cells with mass beyond one cell of the body: 384 (cell-wise hand-off: 1643 deficit cells on the fixed target)
[win] OT pace: 32.4% of particles within one blur radius of their image, mean |d|=0.458 wu, max |d|=2.77 wu
[layer] u transport gate: 20.4 % of the layer within 1 cell(s) of its OT image
[win] OT plan solved: 64 sweeps err=0.00864, self 52 sweeps err=0.0039, 1.06s
[win] body control: 2836 grid nodes, 2 temporal mode(s), joint nominal coefficient bound 0.3063 wu
[win] replay calibration: EA=0.0619830632 EB=0.0619830632 unit_ratio=33003.3594 abs_noise=0 relative_noise=0
[win] coherent pace: 0.0 % of the particles ahead of their neighbourhood (held share of the step 0.000)
[win] paced render target: paced-vs-target 6.695e-02, morph-vs-paced 2.832e-02
[win] OT pace: target cells with mass beyond one cell of the body: 235 (cell-wise hand-off: 1708 deficit cells on the fixed target)
[win] OT pace: 73.2% of particles within one blur radius of their image, mean |d|=0.317 wu, max |d|=2.65 wu
[layer] u transport gate: 65.5 % of the layer within 1 cell(s) of its OT image
[win] OT plan solved: 68 sweeps err=0.00835, self 52 sweeps err=0.00396, 1.10s
[win] body control: 2870 grid nodes, 2 temporal mode(s), joint nominal coefficient bound 0.3063 wu
[win] replay calibration: EA=0.0382392382 EB=0.0382392367 unit_ratio=33003.3594 abs_noise=1.53240363e-09 relative_noise=4.00741152e-08
[win] coherent pace: 0.0 % of the particles ahead of their neighbourhood (held share of the step 0.000)
[win] paced render target: paced-vs-target 5.389e-02, morph-vs-paced 1.773e-02
[win] OT pace: target cells with mass beyond one cell of the body: 189 (cell-wise hand-off: 1592 deficit cells on the fixed target)
[win] OT pace: 82.3% of particles within one blur radius of their image, mean |d|=0.216 wu, max |d|=2.46 wu
[layer] u transport gate: 76.0 % of the layer within 1 cell(s) of its OT image
[win] OT plan solved: 72 sweeps err=0.00813, self 48 sweeps err=0.004, 1.12s
[win] body control: 2930 grid nodes, 2 temporal mode(s), joint nominal coefficient bound 0.3063 wu
[win] replay calibration: EA=0.0317301172 EB=0.0317301168 unit_ratio=33003.3594 abs_noise=4.16133107e-10 relative_noise=1.31147674e-08
[win] coherent pace: 0.1 % of the particles ahead of their neighbourhood (held share of the step 0.000)
[win] paced render target: paced-vs-target 4.918e-02, morph-vs-paced 1.127e-02
[win] OT pace: target cells with mass beyond one cell of the body: 134 (cell-wise hand-off: 1588 deficit cells on the fixed target)
[win] OT pace: 86.9% of particles within one blur radius of their image, mean |d|=0.173 wu, max |d|=2.37 wu
[layer] u transport gate: 80.3 % of the layer within 1 cell(s) of its OT image
[win] OT plan solved: 72 sweeps err=0.00821, self 48 sweeps err=0.00402, 1.12s
[win] body control: 3028 grid nodes, 2 temporal mode(s), joint nominal coefficient bound 0.3063 wu
[win] replay calibration: EA=0.026865887 EB=0.026865884 unit_ratio=33003.3594 abs_noise=2.98986095e-09 relative_noise=1.11288377e-07
[v2] anim 5: control step reversals 15 % of the moving particles, step scale median 1.000, below 0.1: 0 %, below 0.01: 0 %
[v2] anim 5: pinned 2.1 % of the particles
[win] coherent pace: 0.1 % of the particles ahead of their neighbourhood (held share of the step 0.000)
[win] paced render target: paced-vs-target 4.423e-02, morph-vs-paced 9.955e-03
[win] OT pace: target cells with mass beyond one cell of the body: 122 (cell-wise hand-off: 1561 deficit cells on the fixed target)
[win] OT pace: 92.2% of particles within one blur radius of their image, mean |d|=0.147 wu, max |d|=2.24 wu
[layer] u transport gate: 83.3 % of the layer within 1 cell(s) of its OT image
[win] OT plan solved: 68 sweeps err=0.00998, self 48 sweeps err=0.00408, 1.08s
[win] body control: 3028 grid nodes, 2 temporal mode(s), joint nominal coefficient bound 0.3063 wu
[win] replay calibration: EA=0.0156801924 EB=0.0156801935 unit_ratio=33003.3594 abs_noise=1.09430652e-09 relative_noise=6.97891002e-08
[win] coherent pace: 0.1 % of the particles ahead of their neighbourhood (held share of the step 0.001)
[win] paced render target: paced-vs-target 3.903e-02, morph-vs-paced 9.795e-03
[win] OT pace: target cells with mass beyond one cell of the body: 89 (cell-wise hand-off: 1623 deficit cells on the fixed target)
[win] OT pace: 94.8% of particles within one blur radius of their image, mean |d|=0.131 wu, max |d|=1.93 wu
[layer] u transport gate: 85.0 % of the layer within 1 cell(s) of its OT image
[win] OT plan solved: 72 sweeps err=0.00854, self 48 sweeps err=0.0041, 1.12s
[win] body control: 3060 grid nodes, 2 temporal mode(s), joint nominal coefficient bound 0.3063 wu
[win] replay calibration: EA=0.0118852232 EB=0.0118852232 unit_ratio=33003.3594 abs_noise=0 relative_noise=0
[win] coherent pace: 0.2 % of the particles ahead of their neighbourhood (held share of the step 0.001)
[win] paced render target: paced-vs-target 3.278e-02, morph-vs-paced 9.482e-03
[win] OT pace: target cells with mass beyond one cell of the body: 55 (cell-wise hand-off: 1730 deficit cells on the fixed target)
[win] OT pace: 95.5% of particles within one blur radius of their image, mean |d|=0.12 wu, max |d|=1.79 wu
[layer] u transport gate: 84.8 % of the layer within 1 cell(s) of its OT image
[win] OT plan solved: 72 sweeps err=0.00973, self 48 sweeps err=0.00414, 1.12s
[win] body control: 3075 grid nodes, 2 temporal mode(s), joint nominal coefficient bound 0.3063 wu
[win] replay calibration: EA=0.00942465606 EB=0.00942465606 unit_ratio=33003.3594 abs_noise=0 relative_noise=0
[win] coherent pace: 0.2 % of the particles ahead of their neighbourhood (held share of the step 0.001)
[win] paced render target: paced-vs-target 2.505e-02, morph-vs-paced 9.177e-03
[win] OT pace: target cells with mass beyond one cell of the body: 25 (cell-wise hand-off: 1777 deficit cells on the fixed target)
[win] OT pace: 95.8% of particles within one blur radius of their image, mean |d|=0.112 wu, max |d|=1.7 wu
[layer] u transport gate: 84.4 % of the layer within 1 cell(s) of its OT image
[win] OT plan solved: 76 sweeps err=0.00863, self 48 sweeps err=0.00415, 1.15s
[win] body control: 3104 grid nodes, 2 temporal mode(s), joint nominal coefficient bound 0.3063 wu
[win] replay calibration: EA=0.00804315816 EB=0.00804315862 unit_ratio=33003.3594 abs_noise=4.65661287e-10 relative_noise=5.78953289e-08
[win] coherent pace: 0.2 % of the particles ahead of their neighbourhood (held share of the step 0.001)
[win] paced render target: paced-vs-target 1.775e-02, morph-vs-paced 8.789e-03
[win] OT pace: target cells with mass beyond one cell of the body: 0 (cell-wise hand-off: 1860 deficit cells on the fixed target)
[win] OT pace: 96.1% of particles within one blur radius of their image, mean |d|=0.104 wu, max |d|=1.63 wu
[layer] u transport gate: 84.5 % of the layer within 1 cell(s) of its OT image
[win] OT plan solved: 76 sweeps err=0.00888, self 48 sweeps err=0.00418, 1.15s
[win] body control: 3144 grid nodes, 2 temporal mode(s), joint nominal coefficient bound 0.3063 wu
[win] replay calibration: EA=0.00718782856 EB=0.00718782786 unit_ratio=33003.3594 abs_noise=7.01967549e-10 relative_noise=9.7660586e-08
[v2] anim 10: u sign flips 23 % of the layer, u bound scale median 0.60, at the floor 3 %
[v2] anim 10: control step reversals 24 % of the moving particles, step scale median 0.768, below 0.1: 7 %, below 0.01: 0 %
[v2] anim 10: pinned 56.3 % of the particles
[v2] anim 11: fragments 0 particles
[win] coherent pace: 0.2 % of the particles ahead of their neighbourhood (held share of the step 0.001)
[win] paced render target: paced-vs-target 1.559e-02, morph-vs-paced 6.830e-03
[win] OT pace: target cells with mass beyond one cell of the body: 0 (cell-wise hand-off: 1876 deficit cells on the fixed target)
[win] OT pace: 96.4% of particles within one blur radius of their image, mean |d|=0.0955 wu, max |d|=1.56 wu
[layer] u transport gate: 85.0 % of the layer within 1 cell(s) of its OT image
[win] OT plan solved: 76 sweeps err=0.00898, self 48 sweeps err=0.00418, 1.15s
[win] body control: 3172 grid nodes, 2 temporal mode(s), joint nominal coefficient bound 0.3063 wu
[win] replay calibration: EA=0.00619018341 EB=0.00619018294 unit_ratio=33003.3594 abs_noise=4.65661287e-10 relative_noise=7.52257658e-08
[win] coherent pace: 0.2 % of the particles ahead of their neighbourhood (held share of the step 0.001)
[win] paced render target: paced-vs-target 1.386e-02, morph-vs-paced 5.890e-03
[win] OT pace: target cells with mass beyond one cell of the body: 0 (cell-wise hand-off: 1910 deficit cells on the fixed target)
[win] OT pace: 96.8% of particles within one blur radius of their image, mean |d|=0.0886 wu, max |d|=1.42 wu
[layer] u transport gate: 85.5 % of the layer within 1 cell(s) of its OT image
[win] OT plan solved: 76 sweeps err=0.00953, self 48 sweeps err=0.00419, 1.15s
[win] body control: 3176 grid nodes, 2 temporal mode(s), joint nominal coefficient bound 0.3063 wu
[win] replay calibration: EA=0.00523187119 EB=0.00523187108 unit_ratio=33003.3594 abs_noise=1.14553519e-10 relative_noise=2.18953247e-08
[win] coherent pace: 0.2 % of the particles ahead of their neighbourhood (held share of the step 0.001)
[win] paced render target: paced-vs-target 1.241e-02, morph-vs-paced 6.024e-03
[win] OT pace: target cells with mass beyond one cell of the body: 0 (cell-wise hand-off: 1920 deficit cells on the fixed target)
[win] OT pace: 97.0% of particles within one blur radius of their image, mean |d|=0.0844 wu, max |d|=1.34 wu
[layer] u transport gate: 86.2 % of the layer within 1 cell(s) of its OT image
[win] OT plan solved: 80 sweeps err=0.00869, self 48 sweeps err=0.0042, 1.18s
[win] body control: 3154 grid nodes, 2 temporal mode(s), joint nominal coefficient bound 0.3063 wu
[win] replay calibration: EA=0.00415627462 EB=0.00415627467 unit_ratio=33003.3594 abs_noise=4.95607982e-11 relative_noise=1.19243319e-08
[win] coherent pace: 0.2 % of the particles ahead of their neighbourhood (held share of the step 0.001)
[win] paced render target: paced-vs-target 1.169e-02, morph-vs-paced 5.903e-03
[win] OT pace: target cells with mass beyond one cell of the body: 0 (cell-wise hand-off: 1954 deficit cells on the fixed target)
[win] OT pace: 97.4% of particles within one blur radius of their image, mean |d|=0.0798 wu, max |d|=1.23 wu
[layer] u transport gate: 87.9 % of the layer within 1 cell(s) of its OT image
[win] OT plan solved: 80 sweeps err=0.00908, self 48 sweeps err=0.00421, 1.18s
[win] body control: 3156 grid nodes, 2 temporal mode(s), joint nominal coefficient bound 0.3063 wu
[win] replay calibration: EA=0.00352746648 EB=0.00352746627 unit_ratio=33003.3594 abs_noise=2.12282883e-10 relative_noise=6.01799859e-08
[win] coherent pace: 0.2 % of the particles ahead of their neighbourhood (held share of the step 0.001)
[win] paced render target: paced-vs-target 1.104e-02, morph-vs-paced 5.203e-03
[win] OT pace: target cells with mass beyond one cell of the body: 0 (cell-wise hand-off: 1980 deficit cells on the fixed target)
[win] OT pace: 98.1% of particles within one blur radius of their image, mean |d|=0.0757 wu, max |d|=1.09 wu
[layer] u transport gate: 91.6 % of the layer within 1 cell(s) of its OT image
[win] OT plan solved: 80 sweeps err=0.00983, self 48 sweeps err=0.00422, 1.19s
[win] body control: 3153 grid nodes, 2 temporal mode(s), joint nominal coefficient bound 0.3063 wu
[win] replay calibration: EA=0.00302950428 EB=0.00302950408 unit_ratio=33003.3594 abs_noise=2.01404904e-10 relative_noise=6.64811421e-08
[v2] anim 15: control step reversals 12 % of the moving particles, step scale median 0.889, below 0.1: 6 %, below 0.01: 0 %
[v2] anim 15: pinned 74.1 % of the particles
[win] coherent pace: 0.2 % of the particles ahead of their neighbourhood (held share of the step 0.001)
[win] paced render target: paced-vs-target 1.015e-02, morph-vs-paced 4.277e-03
[win] OT pace: target cells with mass beyond one cell of the body: 0 (cell-wise hand-off: 2001 deficit cells on the fixed target)
[win] OT pace: 99.1% of particles within one blur radius of their image, mean |d|=0.0725 wu, max |d|=0.845 wu
[layer] u transport gate: 96.4 % of the layer within 1 cell(s) of its OT image
[win] OT plan solved: 84 sweeps err=0.00888, self 48 sweeps err=0.00423, 1.22s
[win] body control: 3148 grid nodes, 2 temporal mode(s), joint nominal coefficient bound 0.3063 wu
[win] replay calibration: EA=0.00271713498 EB=0.00271713476 unit_ratio=33003.3594 abs_noise=2.18665907e-10 relative_noise=8.04766449e-08
[win] coherent pace: 0.2 % of the particles ahead of their neighbourhood (held share of the step 0.001)
[win] paced render target: paced-vs-target 8.441e-03, morph-vs-paced 1.914e-03
[win] OT pace: target cells with mass beyond one cell of the body: 0 (cell-wise hand-off: 2009 deficit cells on the fixed target)
[win] OT pace: 99.5% of particles within one blur radius of their image, mean |d|=0.0693 wu, max |d|=0.426 wu
[layer] u transport gate: 98.6 % of the layer within 1 cell(s) of its OT image
[win] OT plan solved: 84 sweeps err=0.00912, self 48 sweeps err=0.00423, 1.21s
[win] body control: 3141 grid nodes, 2 temporal mode(s), joint nominal coefficient bound 0.3063 wu
[win] replay calibration: EA=0.00239357846 EB=0.00239357846 unit_ratio=33003.3594 abs_noise=5.68804205e-12 relative_noise=2.37637586e-09
[win] coherent pace: 0.2 % of the particles ahead of their neighbourhood (held share of the step 0.001)
[win] paced render target: paced-vs-target 8.440e-03, morph-vs-paced 1.617e-03
[win] OT pace: target cells with mass beyond one cell of the body: 0 (cell-wise hand-off: 2019 deficit cells on the fixed target)
[win] OT pace: 99.7% of particles within one blur radius of their image, mean |d|=0.0677 wu, max |d|=0.404 wu
[layer] u transport gate: 99.2 % of the layer within 1 cell(s) of its OT image
[win] OT plan solved: 84 sweeps err=0.00914, self 48 sweeps err=0.00424, 1.21s
[win] body control: 3134 grid nodes, 2 temporal mode(s), joint nominal coefficient bound 0.3063 wu
[win] replay calibration: EA=0.00228153342 EB=0.00228153364 unit_ratio=33003.3594 abs_noise=2.22242678e-10 relative_noise=9.7409346e-08
[win] coherent pace: 0.2 % of the particles ahead of their neighbourhood (held share of the step 0.001)
[win] paced render target: paced-vs-target 8.381e-03, morph-vs-paced 1.594e-03
[win] OT pace: target cells with mass beyond one cell of the body: 0 (cell-wise hand-off: 2026 deficit cells on the fixed target)
[win] OT pace: 99.8% of particles within one blur radius of their image, mean |d|=0.0665 wu, max |d|=0.378 wu
[layer] u transport gate: 99.7 % of the layer within 1 cell(s) of its OT image
[win] OT plan solved: 84 sweeps err=0.00905, self 48 sweeps err=0.00425, 1.21s
[win] body control: 3131 grid nodes, 2 temporal mode(s), joint nominal coefficient bound 0.3063 wu
[win] replay calibration: EA=0.00219567385 EB=0.00219567385 unit_ratio=33003.3594 abs_noise=0 relative_noise=0
[win] coherent pace: 0.2 % of the particles ahead of their neighbourhood (held share of the step 0.001)
[win] paced render target: paced-vs-target 8.476e-03, morph-vs-paced 1.468e-03
[win] OT pace: target cells with mass beyond one cell of the body: 0 (cell-wise hand-off: 2016 deficit cells on the fixed target)
[win] OT pace: 99.9% of particles within one blur radius of their image, mean |d|=0.0657 wu, max |d|=0.357 wu
[layer] u transport gate: 99.9 % of the layer within 1 cell(s) of its OT image
[win] OT plan solved: 84 sweeps err=0.00899, self 48 sweeps err=0.00425, 1.21s
[win] body control: 3135 grid nodes, 2 temporal mode(s), joint nominal coefficient bound 0.3063 wu
[win] replay calibration: EA=0.00213707869 EB=0.00213707869 unit_ratio=33003.3594 abs_noise=4.31842973e-12 relative_noise=2.02071629e-09
{"label": "repeat0", "scale": 0.0, "valid": true, "pins_exact": true, "min_det": 0.8493000864982605, "body_energy": 0.009864500723779202, "rejection_reason": null, "coefficient_delta_rms": 0.0, "data": {"volume": 0.001899672206491232, "silhouette": 0.0014498995151370764, "pbr": 0.0006547957309521735, "render": 0.002104695187881589, "weighted_render": 3.935842481253419e-05}, "motion": {"start_free": {"particles": 55614, "net_rms_sp": 0.3822661193439544, "step_rms_sp": 0.021079695561734606, "path_mean_sp": 0.3296662859477073, "physical_terminal_rms_wu_s": 0.20967839658260345, "geometric_terminal_rms_wu_s": 0.20965094212442636}, "start_arrived_free": {"particles": 55371, "net_rms_sp": 0.38206496761316305, "step_rms_sp": 0.02105010140946645, "path_mean_sp": 0.32887685124718996, "physical_terminal_rms_wu_s": 0.2092978060245514, "geometric_terminal_rms_wu_s": 0.2092646062374115}}, "geometry": {"chamfer": 0.05934038182236143, "sil_iou": 0.9629611639357721, "target_near_frac": 0.9928133333333333, "upper_target_near_frac": 0.9344305120167189, "tip_n": 79, "fixed_source_upper_density": 0.9594010727056019, "min_endpoint_detF": 0.8512749671936035}, "source_upper_ids_sha256": "5388295dbac4ef4d869e4afc6585c1273d740d9e9ebe3eee730aca18e7a41da1", "replay_endpoint_rms": 1.5962807964342574e-08}
{"label": "repeat1", "scale": 0.0, "valid": true, "pins_exact": true, "min_det": 0.8493000864982605, "body_energy": 0.009864500723779202, "rejection_reason": null, "coefficient_delta_rms": 0.0, "data": {"volume": 0.001899672206491232, "silhouette": 0.0014498995151370764, "pbr": 0.0006547957309521735, "render": 0.002104695187881589, "weighted_render": 3.935842481253419e-05}, "motion": {"start_free": {"particles": 55614, "net_rms_sp": 0.3822660927260199, "step_rms_sp": 0.021079692234492797, "path_mean_sp": 0.32966625932977284, "physical_terminal_rms_wu_s": 0.20967838168144226, "geometric_terminal_rms_wu_s": 0.20965092815458775}, "start_arrived_free": {"particles": 55371, "net_rms_sp": 0.3820649409952286, "step_rms_sp": 0.02105010140946645, "path_mean_sp": 0.32887679801132097, "physical_terminal_rms_wu_s": 0.2092977911233902, "geometric_terminal_rms_wu_s": 0.20926459226757288}}, "geometry": {"chamfer": 0.05934038177109839, "sil_iou": 0.9629611639357721, "target_near_frac": 0.9928133333333333, "upper_target_near_frac": 0.9344305120167189, "tip_n": 79, "fixed_source_upper_density": 0.9594010727056019, "min_endpoint_detF": 0.8512749671936035}, "source_upper_ids_sha256": "5388295dbac4ef4d869e4afc6585c1273d740d9e9ebe3eee730aca18e7a41da1", "replay_endpoint_rms": 1.5323699642522115e-08}
{"label": "repeat2", "scale": 0.0, "valid": true, "pins_exact": true, "min_det": 0.8493000864982605, "body_energy": 0.009864500723779202, "rejection_reason": null, "coefficient_delta_rms": 0.0, "data": {"volume": 0.001899672206491232, "silhouette": 0.00144989974796772, "pbr": 0.0006547956727445126, "render": 0.0021046954207122326, "weighted_render": 3.9358429166536346e-05}, "motion": {"start_free": {"particles": 55614, "net_rms_sp": 0.3822661193439544, "step_rms_sp": 0.021079695561734606, "path_mean_sp": 0.3296663125656418, "physical_terminal_rms_wu_s": 0.20967839658260345, "geometric_terminal_rms_wu_s": 0.20965094212442636}, "start_arrived_free": {"particles": 55371, "net_rms_sp": 0.38206496761316305, "step_rms_sp": 0.021050103073087353, "path_mean_sp": 0.32887685124718996, "physical_terminal_rms_wu_s": 0.20929782092571259, "geometric_terminal_rms_wu_s": 0.2092646062374115}}, "geometry": {"chamfer": 0.05934038183441953, "sil_iou": 0.9629611639357721, "target_near_frac": 0.9928133333333333, "upper_target_near_frac": 0.9344305120167189, "tip_n": 79, "fixed_source_upper_density": 0.9594196960667462, "min_endpoint_detF": 0.8512749671936035}, "source_upper_ids_sha256": "5388295dbac4ef4d869e4afc6585c1273d740d9e9ebe3eee730aca18e7a41da1", "replay_endpoint_rms": 1.5893018456836217e-08}
{"label": "trial4", "scale": 4.0, "valid": true, "pins_exact": true, "min_det": 0.849332332611084, "body_energy": 0.01736435852944851, "rejection_reason": null, "coefficient_delta_rms": 0.07544903457164764, "data": {"volume": 0.0018995838472619653, "silhouette": 0.0014487268636003137, "pbr": 0.0006542124901898205, "render": 0.002102939411997795, "weighted_render": 3.9325591282288174e-05}, "motion": {"start_free": {"particles": 55614, "net_rms_sp": 0.37188145162561703, "step_rms_sp": 0.03171251396503317, "path_mean_sp": 0.49679350891284296, "physical_terminal_rms_wu_s": 0.4235110282897949, "geometric_terminal_rms_wu_s": 0.4238761402666569}, "start_arrived_free": {"particles": 55371, "net_rms_sp": 0.3715855666660462, "step_rms_sp": 0.03165846624909142, "path_mean_sp": 0.4954988125802121, "physical_terminal_rms_wu_s": 0.42247769236564636, "geometric_terminal_rms_wu_s": 0.4228250775486231}}, "geometry": {"chamfer": 0.059338131798818236, "sil_iou": 0.9629428278877835, "target_near_frac": 0.99283, "upper_target_near_frac": 0.9344958202716823, "tip_n": 79, "fixed_source_upper_density": 0.9591775923718713, "min_endpoint_detF": 0.8512035012245178}, "source_upper_ids_sha256": "5388295dbac4ef4d869e4afc6585c1273d740d9e9ebe3eee730aca18e7a41da1", "replay_endpoint_rms": 0.0008642777684144676}
{"label": "trial2", "scale": 2.0, "valid": true, "pins_exact": true, "min_det": 0.8493163585662842, "body_energy": 0.011921477504074574, "rejection_reason": null, "coefficient_delta_rms": 0.03772451728582382, "data": {"volume": 0.0018998594023287296, "silhouette": 0.0014502594713121653, "pbr": 0.0006544456700794399, "render": 0.002104705199599266, "weighted_render": 3.935861203462683e-05}, "motion": {"start_free": {"particles": 55614, "net_rms_sp": 0.3711324761854944, "step_rms_sp": 0.02278516152273057, "path_mean_sp": 0.35612496531597837, "physical_terminal_rms_wu_s": 0.17504577338695526, "geometric_terminal_rms_wu_s": 0.1755761867389083}, "start_arrived_free": {"particles": 55371, "net_rms_sp": 0.3708529080197538, "step_rms_sp": 0.022755535761665228, "path_mean_sp": 0.35531373052712995, "physical_terminal_rms_wu_s": 0.1748553067445755, "geometric_terminal_rms_wu_s": 0.1753611071035266}}, "geometry": {"chamfer": 0.059338745214273236, "sil_iou": 0.9630221853443065, "target_near_frac": 0.9928166666666667, "upper_target_near_frac": 0.9344305120167189, "tip_n": 79, "fixed_source_upper_density": 0.959065852205006, "min_endpoint_detF": 0.8512415289878845}, "source_upper_ids_sha256": "5388295dbac4ef4d869e4afc6585c1273d740d9e9ebe3eee730aca18e7a41da1", "replay_endpoint_rms": 0.0005266770021989942}
{"label": "trial1", "scale": 1.0, "valid": true, "pins_exact": true, "min_det": 0.84930819272995, "body_energy": 0.010469750501215458, "rejection_reason": null, "coefficient_delta_rms": 0.01886225864291191, "data": {"volume": 0.0018997552106156945, "silhouette": 0.001450139214284718, "pbr": 0.0006545853684656322, "render": 0.0021047245245426893, "weighted_render": 3.935897341680564e-05}, "motion": {"start_free": {"particles": 55614, "net_rms_sp": 0.37506125669536233, "step_rms_sp": 0.020676137729989996, "path_mean_sp": 0.3174914556645107, "physical_terminal_rms_wu_s": 0.12265302240848541, "geometric_terminal_rms_wu_s": 0.12303250841796398}, "start_arrived_free": {"particles": 55371, "net_rms_sp": 0.37481272504121405, "step_rms_sp": 0.02065034495148837, "path_mean_sp": 0.3167650788507532, "physical_terminal_rms_wu_s": 0.12260887026786804, "geometric_terminal_rms_wu_s": 0.12296580243855715}}, "geometry": {"chamfer": 0.0593395634042138, "sil_iou": 0.9629732412304582, "target_near_frac": 0.9928, "upper_target_near_frac": 0.9341039707419018, "tip_n": 79, "fixed_source_upper_density": 0.9591962157330155, "min_endpoint_detF": 0.851259708404541}, "source_upper_ids_sha256": "5388295dbac4ef4d869e4afc6585c1273d740d9e9ebe3eee730aca18e7a41da1", "replay_endpoint_rms": 0.0003120560140814632}
{"label": "trial05", "scale": 0.5, "valid": true, "pins_exact": true, "min_det": 0.84930419921875, "body_energy": 0.01006131712347269, "rejection_reason": null, "coefficient_delta_rms": 0.009431129321455956, "data": {"volume": 0.0018996980506926775, "silhouette": 0.0014500276884064078, "pbr": 0.0006546819931827486, "render": 0.0021047096233814955, "weighted_render": 3.935869476066776e-05}, "motion": {"start_free": {"particles": 55614, "net_rms_sp": 0.37823419433801436, "step_rms_sp": 0.02053641852833498, "path_mean_sp": 0.3173449505531867, "physical_terminal_rms_wu_s": 0.15316027402877808, "geometric_terminal_rms_wu_s": 0.1533001335337758}, "start_arrived_free": {"particles": 55371, "net_rms_sp": 0.37800732968252476, "step_rms_sp": 0.020509592641251725, "path_mean_sp": 0.31660100590267887, "physical_terminal_rms_wu_s": 0.15295863151550293, "geometric_terminal_rms_wu_s": 0.15308568254113197}}, "geometry": {"chamfer": 0.05933998968728747, "sil_iou": 0.9629732412304582, "target_near_frac": 0.9928133333333333, "upper_target_near_frac": 0.9344305120167189, "tip_n": 79, "fixed_source_upper_density": 0.959326579261025, "min_endpoint_detF": 0.8512685894966125}, "source_upper_ids_sha256": "5388295dbac4ef4d869e4afc6585c1273d740d9e9ebe3eee730aca18e7a41da1", "replay_endpoint_rms": 0.00017104823200497776}
{"label": "trial025", "scale": 0.25, "valid": true, "pins_exact": true, "min_det": 0.8493021130561829, "body_energy": 0.009936454705893993, "rejection_reason": null, "coefficient_delta_rms": 0.004715565126389265, "data": {"volume": 0.0018996796570718288, "silhouette": 0.0014499664539471269, "pbr": 0.0006547376979142427, "render": 0.0021047042682766914, "weighted_render": 3.935859461861821e-05}, "motion": {"start_free": {"particles": 55614, "net_rms_sp": 0.38015188342692036, "step_rms_sp": 0.020722379736648363, "path_mean_sp": 0.32235673496284395, "physical_terminal_rms_wu_s": 0.17925475537776947, "geometric_terminal_rms_wu_s": 0.17930118832737207}, "start_arrived_free": {"particles": 55371, "net_rms_sp": 0.3799374493468284, "step_rms_sp": 0.020694361033376664, "path_mean_sp": 0.32159338583810737, "physical_terminal_rms_wu_s": 0.17896153032779694, "geometric_terminal_rms_wu_s": 0.1789991743862629}}, "geometry": {"chamfer": 0.059340173404955995, "sil_iou": 0.9629611639357721, "target_near_frac": 0.99281, "upper_target_near_frac": 0.9343652037617555, "tip_n": 79, "fixed_source_upper_density": 0.9593452026221693, "min_endpoint_detF": 0.8512720465660095}, "source_upper_ids_sha256": "5388295dbac4ef4d869e4afc6585c1273d740d9e9ebe3eee730aca18e7a41da1", "replay_endpoint_rms": 8.886394061846659e-05}
Traceback (most recent call last):
  File "/data/relcfd/chayo/physmorph_v2/work/p303/code_braking_capture1/scripts/ops/cuda_python.py", line 16, in <module>
    runpy.run_path(sys.argv[0], run_name='__main__')
  File "/home/chayo/miniforge3/envs/diffmpm_v2.3.0/lib/python3.10/runpy.py", line 289, in run_path
    return _run_module_code(code, init_globals, run_name,
  File "/home/chayo/miniforge3/envs/diffmpm_v2.3.0/lib/python3.10/runpy.py", line 96, in _run_module_code
    _run_code(code, mod_globals, init_globals,
  File "/home/chayo/miniforge3/envs/diffmpm_v2.3.0/lib/python3.10/runpy.py", line 86, in _run_code
    exec(code, run_globals)
  File "scripts/probes/braking_capture.py", line 86, in <module>
    main(OwnedCapture,extra_protocol=dict(kind='Reusable frozen-window capture',version=1,
  File "/data/relcfd/chayo/physmorph_v2/work/p303/code_braking_capture1/scripts/probes/terminal_braking.py", line 177, in main
    result = runner.run_pipeline(source,target,MPMParams(**metadata['mpm']),cfg)
  File "/data/relcfd/chayo/physmorph_v2/work/p303/code_braking_capture1/physmorph/pipeline/runner.py", line 334, in run_pipeline
    result = _run_pipeline(source_x, target_x, prm, cfg, log,
  File "/data/relcfd/chayo/physmorph_v2/work/p303/code_braking_capture1/physmorph/pipeline/runner.py", line 639, in _run_pipeline
    fr, F_seq, end, s, whist, stats = optimize_window(
  File "/data/relcfd/chayo/physmorph_v2/work/p303/code_braking_capture1/scripts/probes/terminal_braking.py", line 143, in wrapped
    return original(*args,on_checkpoint=self.observe,checkpoint_iterations=(8,),checkpoint_rollout=True,**kwargs)
  File "/data/relcfd/chayo/physmorph_v2/work/p303/code_braking_capture1/physmorph/pipeline/optimizer.py", line 2766, in optimize_window
    on_checkpoint(win_index,packet)
  File "scripts/probes/braking_capture.py", line 65, in observe
    require(checks[key]<=1.,'Reloaded trajectory differs: '+key)
  File "/data/relcfd/chayo/physmorph_v2/work/p303/code_braking_capture1/scripts/probes/reference_swap.py", line 27, in require
    raise ValueError(message)
ValueError: Reloaded trajectory differs: C
