Warp UserWarning: Kernel cache artifacts from a previous Warp version were found in '/data/relcfd/chayo/physmorph_v2/cache/warp'. These will be ignored. You can safely delete them.
Warp 1.16.0 initialized:
   CUDA Toolkit 12.9, Driver 13.1
   Devices:
     "cpu"      : "CPU"
     "cuda:0"   : "NVIDIA RTX 6000 Ada Generation" (47 GiB, sm_89, mempool enabled)
   Kernel cache:
     /data/relcfd/chayo/physmorph_v2/cache/warp/1.16.0
[target] denoised shading target: spacing 0.1327, normal grid 73^3 at 0.1531 wu (1.15 spacings), blur 1.30 cells
/data/relcfd/chayo/physmorph_v2/work/p303/code_post_window3/physmorph/pipeline/runner.py:305: UserWarning: Converting a tensor with requires_grad=True to a scalar may lead to unexpected behavior.
Consider using tensor.detach() first. (Triggered internally at /pytorch/torch/csrc/autograd/generated/python_variable_methods.cpp:835.)
  if float(L_den) <= 0 or float(g_den) <= 0:
[v2] phys_loss auto: 1.3% of the source particles sit in target-empty cells -> ot_pace + cell-wise hand-off
[v2] density units: D_vol legacy(22^3)/density = 3.3e+04 (weights), gradient ratio = 6.81e+04 (eps/target_norm), n_support=3205 m_ref=93.6
Module physmorph.mpm.kernels 8863527 load on device 'cuda:0' took 10.96 ms  (cached)
[v2] N=300000 T=20 iters=8 animations=300 render=on(a=0.5) material=off assim=0.5 w_kin=5.0 w_box=10.0
[v2] render-controls-physics contract: control_grid=0 tknots=0 render_F_geom=False w_kin_running=0.0 grad_mode=render gs_cheb=False loss_units=density
[v2] anim 1: fragments 0 particles
Module physmorph.render.knn_gpu 9d6aaef load on device 'cuda:0' took 0.47 ms  (cached)
[win] OT plan: sqrt(eps)=0.2271 wu = 0.741 loss cells, tol 0.01 (cap 400 sweeps), 8192 target samples
[win] OT leash: displacement denoised over k=64 material neighbours (blur radius 0.2271 wu / spacing 0.06837)
[win] coherent pace: 0.0 % of the particles ahead of their neighbourhood (held share of the step 0.000)
[win] paced render target: paced-vs-target 1.258e-01, morph-vs-paced 4.453e-02
[win] OT pace: target cells with mass beyond one cell of the body: 514 (cell-wise hand-off: 1684 deficit cells on the fixed target)
[win] OT pace: 17.7% of particles within one blur radius of their image, mean |d|=0.575 wu, max |d|=2.73 wu
[layer] u transport gate: 4.1 % of the layer within 1 cell(s) of its OT image
[win] OT plan solved: 60 sweeps err=0.0063, self 52 sweeps err=0.00395, 1.16s
[win] body control: 2832 grid nodes, 2 temporal mode(s), joint nominal coefficient bound 0.3063 wu
[win] replay calibration: EA=0.17832911 EB=0.17832911 unit_ratio=33003.3594 abs_noise=0 relative_noise=0
[v2] control basis: {'control_grid': 0, 'control_tknots': 20, 'n_nodes': 300000, 'n_dof': 54000000, 'n_dof_per_particle': 54000000, 'cell': 0.0, 'empty_nodes': 0}
[v2] anim 1/300  L=0.1000  D_vol=0.073  D_r=0.02193  lam=0.309  kin=2.2891  |v|max=3.937  move=0.1709  Jmin=0.973  acc/rej=8/0
[win] coherent pace: 0.0 % of the particles ahead of their neighbourhood (held share of the step 0.000)
[win] paced render target: paced-vs-target 9.778e-02, morph-vs-paced 3.656e-02
[win] OT pace: target cells with mass beyond one cell of the body: 384 (cell-wise hand-off: 1643 deficit cells on the fixed target)
[win] OT pace: 32.4% of particles within one blur radius of their image, mean |d|=0.458 wu, max |d|=2.77 wu
[layer] u transport gate: 20.4 % of the layer within 1 cell(s) of its OT image
[win] OT plan solved: 64 sweeps err=0.00864, self 52 sweeps err=0.0039, 1.06s
[win] body control: 2837 grid nodes, 2 temporal mode(s), joint nominal coefficient bound 0.3063 wu
[win] replay calibration: EA=0.0619853296 EB=0.0619853345 unit_ratio=33003.3594 abs_noise=4.87506169e-09 relative_noise=7.86486371e-08
[win] coherent pace: 0.0 % of the particles ahead of their neighbourhood (held share of the step 0.000)
[win] paced render target: paced-vs-target 6.680e-02, morph-vs-paced 2.828e-02
[win] OT pace: target cells with mass beyond one cell of the body: 220 (cell-wise hand-off: 1714 deficit cells on the fixed target)
[win] OT pace: 73.2% of particles within one blur radius of their image, mean |d|=0.317 wu, max |d|=2.65 wu
[layer] u transport gate: 65.4 % of the layer within 1 cell(s) of its OT image
[win] OT plan solved: 68 sweeps err=0.00836, self 52 sweeps err=0.00396, 1.10s
[win] body control: 2872 grid nodes, 2 temporal mode(s), joint nominal coefficient bound 0.3063 wu
[win] replay calibration: EA=0.0391255877 EB=0.0391255872 unit_ratio=33003.3594 abs_noise=5.12237391e-10 relative_noise=1.30921328e-08
[win] coherent pace: 0.0 % of the particles ahead of their neighbourhood (held share of the step 0.000)
[win] paced render target: paced-vs-target 5.374e-02, morph-vs-paced 1.742e-02
[win] OT pace: target cells with mass beyond one cell of the body: 189 (cell-wise hand-off: 1609 deficit cells on the fixed target)
[win] OT pace: 82.3% of particles within one blur radius of their image, mean |d|=0.216 wu, max |d|=2.46 wu
[layer] u transport gate: 75.9 % of the layer within 1 cell(s) of its OT image
[win] OT plan solved: 68 sweeps err=0.01, self 48 sweeps err=0.004, 1.08s
[win] body control: 2936 grid nodes, 2 temporal mode(s), joint nominal coefficient bound 0.3063 wu
[win] replay calibration: EA=0.0318119602 EB=0.0318119602 unit_ratio=33003.3594 abs_noise=0 relative_noise=0
[win] coherent pace: 0.1 % of the particles ahead of their neighbourhood (held share of the step 0.000)
[win] paced render target: paced-vs-target 4.917e-02, morph-vs-paced 1.140e-02
[win] OT pace: target cells with mass beyond one cell of the body: 134 (cell-wise hand-off: 1597 deficit cells on the fixed target)
[win] OT pace: 86.9% of particles within one blur radius of their image, mean |d|=0.173 wu, max |d|=2.37 wu
[layer] u transport gate: 80.3 % of the layer within 1 cell(s) of its OT image
[win] OT plan solved: 72 sweeps err=0.00823, self 48 sweeps err=0.00402, 1.12s
[win] body control: 3014 grid nodes, 2 temporal mode(s), joint nominal coefficient bound 0.3063 wu
[win] replay calibration: EA=0.0265410915 EB=0.0265410934 unit_ratio=33003.3594 abs_noise=1.86264515e-09 relative_noise=7.01796739e-08
[v2] anim 5: control step reversals 16 % of the moving particles, step scale median 1.000, below 0.1: 0 %, below 0.01: 0 %
[v2] anim 5: pinned 2.0 % of the particles
[win] coherent pace: 0.1 % of the particles ahead of their neighbourhood (held share of the step 0.000)
[win] paced render target: paced-vs-target 4.477e-02, morph-vs-paced 1.016e-02
[win] OT pace: target cells with mass beyond one cell of the body: 122 (cell-wise hand-off: 1626 deficit cells on the fixed target)
[win] OT pace: 91.9% of particles within one blur radius of their image, mean |d|=0.146 wu, max |d|=2.22 wu
[layer] u transport gate: 82.9 % of the layer within 1 cell(s) of its OT image
[win] OT plan solved: 68 sweeps err=0.00977, self 48 sweeps err=0.00409, 1.09s
[win] body control: 3017 grid nodes, 2 temporal mode(s), joint nominal coefficient bound 0.3063 wu
[win] replay calibration: EA=0.0167280444 EB=0.0167280426 unit_ratio=33003.3594 abs_noise=1.86264515e-09 relative_noise=1.11348649e-07
[win] coherent pace: 0.1 % of the particles ahead of their neighbourhood (held share of the step 0.001)
[win] paced render target: paced-vs-target 3.928e-02, morph-vs-paced 9.813e-03
[win] OT pace: target cells with mass beyond one cell of the body: 89 (cell-wise hand-off: 1668 deficit cells on the fixed target)
[win] OT pace: 94.9% of particles within one blur radius of their image, mean |d|=0.128 wu, max |d|=1.91 wu
[layer] u transport gate: 84.8 % of the layer within 1 cell(s) of its OT image
[win] OT plan solved: 68 sweeps err=0.00973, self 48 sweeps err=0.00412, 1.08s
[win] body control: 3042 grid nodes, 2 temporal mode(s), joint nominal coefficient bound 0.3063 wu
[win] replay calibration: EA=0.0132197954 EB=0.0132197961 unit_ratio=33003.3594 abs_noise=6.5656171e-10 relative_noise=4.96650432e-08
[win] coherent pace: 0.2 % of the particles ahead of their neighbourhood (held share of the step 0.001)
[win] paced render target: paced-vs-target 3.287e-02, morph-vs-paced 9.480e-03
[win] OT pace: target cells with mass beyond one cell of the body: 46 (cell-wise hand-off: 1783 deficit cells on the fixed target)
[win] OT pace: 95.5% of particles within one blur radius of their image, mean |d|=0.119 wu, max |d|=1.76 wu
[layer] u transport gate: 84.0 % of the layer within 1 cell(s) of its OT image
[win] OT plan solved: 72 sweeps err=0.00969, self 48 sweeps err=0.00416, 1.12s
[win] body control: 3087 grid nodes, 2 temporal mode(s), joint nominal coefficient bound 0.3063 wu
[win] replay calibration: EA=0.0103728968 EB=0.0103728968 unit_ratio=33003.3594 abs_noise=0 relative_noise=0
[win] coherent pace: 0.2 % of the particles ahead of their neighbourhood (held share of the step 0.001)
[win] paced render target: paced-vs-target 2.575e-02, morph-vs-paced 9.661e-03
[win] OT pace: target cells with mass beyond one cell of the body: 25 (cell-wise hand-off: 1790 deficit cells on the fixed target)
[win] OT pace: 95.8% of particles within one blur radius of their image, mean |d|=0.112 wu, max |d|=1.69 wu
[layer] u transport gate: 84.0 % of the layer within 1 cell(s) of its OT image
[win] OT plan solved: 76 sweeps err=0.00862, self 48 sweeps err=0.00417, 1.15s
[win] body control: 3107 grid nodes, 2 temporal mode(s), joint nominal coefficient bound 0.3063 wu
[win] replay calibration: EA=0.0081285895 EB=0.0081285895 unit_ratio=33003.3594 abs_noise=0 relative_noise=0
[win] coherent pace: 0.2 % of the particles ahead of their neighbourhood (held share of the step 0.001)
[win] paced render target: paced-vs-target 1.775e-02, morph-vs-paced 9.315e-03
[win] OT pace: target cells with mass beyond one cell of the body: 0 (cell-wise hand-off: 1873 deficit cells on the fixed target)
[win] OT pace: 96.1% of particles within one blur radius of their image, mean |d|=0.104 wu, max |d|=1.61 wu
[layer] u transport gate: 84.2 % of the layer within 1 cell(s) of its OT image
[win] OT plan solved: 76 sweeps err=0.00876, self 48 sweeps err=0.0042, 1.15s
[win] body control: 3141 grid nodes, 2 temporal mode(s), joint nominal coefficient bound 0.3063 wu
[win] replay calibration: EA=0.0070754482 EB=0.00707544859 unit_ratio=33003.3594 abs_noise=3.87150412e-10 relative_noise=5.471744e-08
[v2] anim 10: u sign flips 26 % of the layer, u bound scale median 0.50, at the floor 4 %
[v2] anim 10: control step reversals 28 % of the moving particles, step scale median 0.667, below 0.1: 10 %, below 0.01: 0 %
[v2] anim 10: pinned 61.6 % of the particles
[v2] anim 11: fragments 0 particles
[win] coherent pace: 0.2 % of the particles ahead of their neighbourhood (held share of the step 0.001)
[win] paced render target: paced-vs-target 1.530e-02, morph-vs-paced 7.197e-03
[win] OT pace: target cells with mass beyond one cell of the body: 0 (cell-wise hand-off: 1884 deficit cells on the fixed target)
[win] OT pace: 96.4% of particles within one blur radius of their image, mean |d|=0.096 wu, max |d|=1.52 wu
[layer] u transport gate: 84.7 % of the layer within 1 cell(s) of its OT image
[win] OT plan solved: 76 sweeps err=0.00893, self 48 sweeps err=0.00421, 1.15s
[win] body control: 3150 grid nodes, 2 temporal mode(s), joint nominal coefficient bound 0.3063 wu
[win] replay calibration: EA=0.00632648259 EB=0.00632648265 unit_ratio=33003.3594 abs_noise=6.61503586e-11 relative_noise=1.04561038e-08
[win] coherent pace: 0.2 % of the particles ahead of their neighbourhood (held share of the step 0.001)
[win] paced render target: paced-vs-target 1.361e-02, morph-vs-paced 5.454e-03
[win] OT pace: target cells with mass beyond one cell of the body: 0 (cell-wise hand-off: 1908 deficit cells on the fixed target)
[win] OT pace: 96.7% of particles within one blur radius of their image, mean |d|=0.0901 wu, max |d|=1.42 wu
[layer] u transport gate: 85.4 % of the layer within 1 cell(s) of its OT image
[win] OT plan solved: 76 sweeps err=0.00965, self 48 sweeps err=0.00422, 1.15s
[win] body control: 3157 grid nodes, 2 temporal mode(s), joint nominal coefficient bound 0.3063 wu
[win] replay calibration: EA=0.00529329343 EB=0.00529329349 unit_ratio=33003.3594 abs_noise=5.79678406e-11 relative_noise=1.09511859e-08
[win] coherent pace: 0.2 % of the particles ahead of their neighbourhood (held share of the step 0.001)
[win] paced render target: paced-vs-target 1.213e-02, morph-vs-paced 5.915e-03
[win] OT pace: target cells with mass beyond one cell of the body: 0 (cell-wise hand-off: 1938 deficit cells on the fixed target)
[win] OT pace: 96.9% of particles within one blur radius of their image, mean |d|=0.0856 wu, max |d|=1.33 wu
[layer] u transport gate: 85.8 % of the layer within 1 cell(s) of its OT image
[win] OT plan solved: 80 sweeps err=0.00886, self 48 sweeps err=0.00423, 1.18s
[win] body control: 3144 grid nodes, 2 temporal mode(s), joint nominal coefficient bound 0.3063 wu
[win] replay calibration: EA=0.00440122881 EB=0.00440122881 unit_ratio=33003.3594 abs_noise=0 relative_noise=0
[win] coherent pace: 0.2 % of the particles ahead of their neighbourhood (held share of the step 0.001)
[win] paced render target: paced-vs-target 1.142e-02, morph-vs-paced 5.819e-03
[win] OT pace: target cells with mass beyond one cell of the body: 0 (cell-wise hand-off: 1950 deficit cells on the fixed target)
[win] OT pace: 97.3% of particles within one blur radius of their image, mean |d|=0.0811 wu, max |d|=1.22 wu
[layer] u transport gate: 87.2 % of the layer within 1 cell(s) of its OT image
[win] OT plan solved: 80 sweeps err=0.00917, self 48 sweeps err=0.00424, 1.19s
[win] body control: 3156 grid nodes, 2 temporal mode(s), joint nominal coefficient bound 0.3063 wu
[win] replay calibration: EA=0.00388753625 EB=0.00388753623 unit_ratio=33003.3594 abs_noise=2.11033287e-11 relative_noise=5.42845837e-09
[win] coherent pace: 0.2 % of the particles ahead of their neighbourhood (held share of the step 0.001)
[win] paced render target: paced-vs-target 1.090e-02, morph-vs-paced 5.141e-03
[win] OT pace: target cells with mass beyond one cell of the body: 0 (cell-wise hand-off: 1967 deficit cells on the fixed target)
[win] OT pace: 97.7% of particles within one blur radius of their image, mean |d|=0.0781 wu, max |d|=1.12 wu
[layer] u transport gate: 89.9 % of the layer within 1 cell(s) of its OT image
[win] OT plan solved: 80 sweeps err=0.00986, self 48 sweeps err=0.00425, 1.19s
[win] body control: 3143 grid nodes, 2 temporal mode(s), joint nominal coefficient bound 0.3063 wu
[win] replay calibration: EA=0.0033928233 EB=0.0033928233 unit_ratio=33003.3594 abs_noise=0 relative_noise=0
[v2] anim 15: control step reversals 18 % of the moving particles, step scale median 0.722, below 0.1: 8 %, below 0.01: 1 %
[v2] anim 15: pinned 79.0 % of the particles
[win] coherent pace: 0.2 % of the particles ahead of their neighbourhood (held share of the step 0.001)
[win] paced render target: paced-vs-target 9.914e-03, morph-vs-paced 3.913e-03
[win] OT pace: target cells with mass beyond one cell of the body: 0 (cell-wise hand-off: 1970 deficit cells on the fixed target)
[win] OT pace: 98.7% of particles within one blur radius of their image, mean |d|=0.0755 wu, max |d|=0.906 wu
[layer] u transport gate: 94.8 % of the layer within 1 cell(s) of its OT image
[win] OT plan solved: 84 sweeps err=0.00896, self 48 sweeps err=0.00426, 1.22s
[win] body control: 3144 grid nodes, 2 temporal mode(s), joint nominal coefficient bound 0.3063 wu
[win] replay calibration: EA=0.00292609418 EB=0.00292609395 unit_ratio=33003.3594 abs_noise=2.32830644e-10 relative_noise=7.95704544e-08
[win] coherent pace: 0.2 % of the particles ahead of their neighbourhood (held share of the step 0.001)
[win] paced render target: paced-vs-target 9.670e-03, morph-vs-paced 3.311e-03
[win] OT pace: target cells with mass beyond one cell of the body: 0 (cell-wise hand-off: 1981 deficit cells on the fixed target)
[win] OT pace: 99.4% of particles within one blur radius of their image, mean |d|=0.0731 wu, max |d|=0.528 wu
[layer] u transport gate: 97.7 % of the layer within 1 cell(s) of its OT image
[win] OT plan solved: 84 sweeps err=0.00921, self 48 sweeps err=0.00427, 1.22s
[win] body control: 3135 grid nodes, 2 temporal mode(s), joint nominal coefficient bound 0.3063 wu
[win] replay calibration: EA=0.00261005266 EB=0.00261005266 unit_ratio=33003.3594 abs_noise=0 relative_noise=0
[win] coherent pace: 0.2 % of the particles ahead of their neighbourhood (held share of the step 0.001)
[win] paced render target: paced-vs-target 8.509e-03, morph-vs-paced 1.520e-03
[win] OT pace: target cells with mass beyond one cell of the body: 0 (cell-wise hand-off: 1983 deficit cells on the fixed target)
[win] OT pace: 99.7% of particles within one blur radius of their image, mean |d|=0.071 wu, max |d|=0.403 wu
[layer] u transport gate: 99.2 % of the layer within 1 cell(s) of its OT image
[win] OT plan solved: 84 sweeps err=0.00938, self 48 sweeps err=0.00428, 1.22s
[win] body control: 3134 grid nodes, 2 temporal mode(s), joint nominal coefficient bound 0.3063 wu
[win] replay calibration: EA=0.00242766663 EB=0.00242766686 unit_ratio=33003.3594 abs_noise=2.32830644e-10 relative_noise=9.59071731e-08
[win] coherent pace: 0.2 % of the particles ahead of their neighbourhood (held share of the step 0.001)
[win] paced render target: paced-vs-target 8.620e-03, morph-vs-paced 1.406e-03
[win] OT pace: target cells with mass beyond one cell of the body: 0 (cell-wise hand-off: 1992 deficit cells on the fixed target)
[win] OT pace: 99.8% of particles within one blur radius of their image, mean |d|=0.0701 wu, max |d|=0.39 wu
[layer] u transport gate: 99.5 % of the layer within 1 cell(s) of its OT image
[win] OT plan solved: 84 sweeps err=0.00934, self 48 sweeps err=0.00428, 1.22s
[win] body control: 3128 grid nodes, 2 temporal mode(s), joint nominal coefficient bound 0.3063 wu
[win] replay calibration: EA=0.00234047433 EB=0.00234047432 unit_ratio=33003.3594 abs_noise=6.16347771e-12 relative_noise=2.63343103e-09
[win] coherent pace: 0.2 % of the particles ahead of their neighbourhood (held share of the step 0.001)
[win] paced render target: paced-vs-target 8.687e-03, morph-vs-paced 1.336e-03
[win] OT pace: target cells with mass beyond one cell of the body: 0 (cell-wise hand-off: 1983 deficit cells on the fixed target)
[win] OT pace: 99.9% of particles within one blur radius of their image, mean |d|=0.0692 wu, max |d|=0.367 wu
[layer] u transport gate: 99.8 % of the layer within 1 cell(s) of its OT image
[win] OT plan solved: 84 sweeps err=0.00927, self 48 sweeps err=0.00429, 1.21s
[win] body control: 3135 grid nodes, 2 temporal mode(s), joint nominal coefficient bound 0.3063 wu
[win] replay calibration: EA=0.00229141709 EB=0.00229141709 unit_ratio=33003.3594 abs_noise=0 relative_noise=0
[v2] anim 20: u sign flips 16 % of the layer, u bound scale median 1.00, at the floor 1 %
[v2] anim 20: control step reversals 19 % of the moving particles, step scale median 0.667, below 0.1: 4 %, below 0.01: 0 %
[v2] anim 20: pinned 87.3 % of the particles
[v2] anim 21: fragments 0 particles
[win] coherent pace: 0.2 % of the particles ahead of their neighbourhood (held share of the step 0.001)
[win] paced render target: paced-vs-target 8.570e-03, morph-vs-paced 1.282e-03
[win] OT pace: target cells with mass beyond one cell of the body: 0 (cell-wise hand-off: 1997 deficit cells on the fixed target)
[win] OT pace: 99.9% of particles within one blur radius of their image, mean |d|=0.0689 wu, max |d|=0.357 wu
[layer] u transport gate: 99.9 % of the layer within 1 cell(s) of its OT image
[win] OT plan solved: 84 sweeps err=0.00922, self 48 sweeps err=0.00428, 1.22s
[win] body control: 3134 grid nodes, 2 temporal mode(s), joint nominal coefficient bound 0.3063 wu
[win] replay calibration: EA=0.00223736013 EB=0.00223735989 unit_ratio=33003.3594 abs_noise=2.32830644e-10 relative_noise=1.04064894e-07
[v2] optimization stopped: manual_window_cap; optimizer attempts=21; individual-particle rest not evaluated
Traceback (most recent call last):
  File "/data/relcfd/chayo/physmorph_v2/work/p303/code_post_window3/scripts/ops/cuda_python.py", line 16, in <module>
    runpy.run_path(sys.argv[0], run_name='__main__')
  File "/home/chayo/miniforge3/envs/diffmpm_v2.3.0/lib/python3.10/runpy.py", line 289, in run_path
    return _run_module_code(code, init_globals, run_name,
  File "/home/chayo/miniforge3/envs/diffmpm_v2.3.0/lib/python3.10/runpy.py", line 96, in _run_module_code
    _run_code(code, mod_globals, init_globals,
  File "/home/chayo/miniforge3/envs/diffmpm_v2.3.0/lib/python3.10/runpy.py", line 86, in _run_code
    exec(code, run_globals)
  File "scripts/probes/post_assimilation_window.py", line 312, in <module>
    main()
  File "scripts/probes/post_assimilation_window.py", line 308, in main
    require(completed, 'P335 gate failed; original state is retained, no changed candidate admitted')
  File "/data/relcfd/chayo/physmorph_v2/work/p303/code_post_window3/scripts/probes/reference_swap.py", line 27, in require
    raise ValueError(message)
ValueError: P335 gate failed; original state is retained, no changed candidate admitted
