launch_utc=2026-09-29T09:20:21Z gpu=1 project_bytes=78533513042
{"passed": false, "checks": 45, "out": "/data/relcfd/chayo/physmorph_v2/work/p303/p335_independent_audit1.json"}
Traceback (most recent call last):
  File "/data/relcfd/chayo/physmorph_v2/work/p303/code_post_window3/scripts/ops/cuda_python.py", line 16, in <module>
    runpy.run_path(sys.argv[0], run_name='__main__')
  File "/home/chayo/miniforge3/envs/diffmpm_v2.3.0/lib/python3.10/runpy.py", line 289, in run_path
    return _run_module_code(code, init_globals, run_name,
  File "/home/chayo/miniforge3/envs/diffmpm_v2.3.0/lib/python3.10/runpy.py", line 96, in _run_module_code
    _run_code(code, mod_globals, init_globals,
  File "/home/chayo/miniforge3/envs/diffmpm_v2.3.0/lib/python3.10/runpy.py", line 86, in _run_code
    exec(code, run_globals)
  File "/data/relcfd/chayo/physmorph_v2/work/p303/audit_post_assimilation_window_v1.py", line 637, in <module>
    if __name__=='__main__':main()
  File "/data/relcfd/chayo/physmorph_v2/work/p303/audit_post_assimilation_window_v1.py", line 633, in main
    if failure is not None:raise failure
  File "/data/relcfd/chayo/physmorph_v2/work/p303/audit_post_assimilation_window_v1.py", line 617, in main
    try:report=audit(args)
  File "/data/relcfd/chayo/physmorph_v2/work/p303/audit_post_assimilation_window_v1.py", line 535, in audit
    cfg,prm=validate_protocol(protocol,result,code)
  File "/data/relcfd/chayo/physmorph_v2/work/p303/audit_post_assimilation_window_v1.py", line 180, in validate_protocol
    check('raw_mixed_active_render', cfg['compute_backend'] == 'cuda' and cfg['device'] == 'cuda:0' and
  File "/data/relcfd/chayo/physmorph_v2/work/p303/audit_post_assimilation_window_v1.py", line 31, in check
    raise AssertionError(name)
AssertionError: raw_mixed_active_render
