Warp UserWarning: Kernel cache artifacts from a previous Warp version were found in '/data/relcfd/chayo/physmorph_v2/cache/warp'. These will be ignored. You can safely delete them.
============================= test session starts ==============================
platform linux -- Python 3.10.20, pytest-9.0.3, pluggy-1.6.0
rootdir: /data/relcfd/chayo/physmorph_v2/work/p303/code_post_window1
configfile: pytest.ini (WARNING: ignoring pytest config in pyproject.toml!)
plugins: dash-4.1.0
Warp 1.16.0 initialized:
   CUDA Toolkit 12.9, Driver 13.1
   Devices:
     "cpu"      : "CPU"
     "cuda:0"   : "NVIDIA RTX 6000 Ada Generation" (47 GiB, sm_89, mempool enabled)
   Kernel cache:
     /data/relcfd/chayo/physmorph_v2/cache/warp/1.16.0
collected 6 items

tests/test_post_assimilation_window_cuda.py Module physmorph.mpm.kernels c651c54 load on device 'cpu' took 1.26 ms  (cached)
Module physmorph.mpm.kernels 8863527 load on device 'cuda:0' took 11.26 ms  (cached)
{'mode': 0, 'slip': False, 'epsilon': 0.001, 'analytical': -0.10721345240236219, 'finite_difference': -0.10720237613551573}
{'mode': 0, 'slip': False, 'epsilon': 0.0005, 'analytical': -0.10721345240236219, 'finite_difference': -0.10720019266286765}
.{'mode': 1, 'slip': False, 'epsilon': 0.001, 'analytical': -0.0072763497131362875, 'finite_difference': -0.007274196195523869}
{'mode': 1, 'slip': False, 'epsilon': 0.0005, 'analytical': -0.0072763497131362875, 'finite_difference': -0.007272626975358466}
.{'mode': 0, 'slip': True, 'epsilon': 0.001, 'analytical': -0.2990378592266503, 'finite_difference': -0.29296224642928986}
F{'mode': 1, 'slip': True, 'epsilon': 0.001, 'analytical': -0.16115650361419487, 'finite_difference': -0.15612234830405777}
F..

=================================== FAILURES ===================================
______ test_captured_reduced_modes_match_plain_and_fd[slip-displacement] _______
tests/test_post_assimilation_window_cuda.py:100: in test_captured_reduced_modes_match_plain_and_fd
    assert ad == pytest.approx(fd, rel=.02, abs=5e-6)
E   assert -0.2990378592266503 == -0.2929622464...6 ± 0.00585924
E     
E     comparison failed
E     Obtained: -0.2990378592266503
E     Expected: -0.29296224642928986 ± 0.00585924
________ test_captured_reduced_modes_match_plain_and_fd[slip-terminal] _________
tests/test_post_assimilation_window_cuda.py:100: in test_captured_reduced_modes_match_plain_and_fd
    assert ad == pytest.approx(fd, rel=.02, abs=5e-6)
E   assert -0.16115650361419487 == -0.1561223483...7 ± 0.00312245
E     
E     comparison failed
E     Obtained: -0.16115650361419487
E     Expected: -0.15612234830405777 ± 0.00312245
- generated xml file: /data/relcfd/chayo/physmorph_v2/work/p303/p335_cuda1.xml -
=========================== short test summary info ============================
FAILED tests/test_post_assimilation_window_cuda.py::test_captured_reduced_modes_match_plain_and_fd[slip-displacement]
FAILED tests/test_post_assimilation_window_cuda.py::test_captured_reduced_modes_match_plain_and_fd[slip-terminal]
========================= 2 failed, 4 passed in 5.68s ==========================
