Warp UserWarning: Kernel cache artifacts from a previous Warp version were found in '/data/relcfd/chayo/physmorph_v2/cache/warp'. These will be ignored. You can safely delete them.
============================= test session starts ==============================
platform linux -- Python 3.10.20, pytest-9.0.3, pluggy-1.6.0
rootdir: /data/relcfd/chayo/physmorph_v2/work/p303/code_assimilation5
configfile: pytest.ini (WARNING: ignoring pytest config in pyproject.toml!)
plugins: dash-4.1.0
Warp 1.16.0 initialized:
   CUDA Toolkit 12.9, Driver 13.1
   Devices:
     "cpu"      : "CPU"
     "cuda:0"   : "NVIDIA RTX 6000 Ada Generation" (47 GiB, sm_89, mempool enabled)
   Kernel cache:
     /data/relcfd/chayo/physmorph_v2/cache/warp/1.16.0
collected 23 items

tests/test_assimilation_adjoint_cuda.py ........{'case': 'noncommuting', 'isochoric': False, 'epsilon': 2e-06, 'ad': -1.9888676019488623, 'fd': -1.9888676003000259}
{'case': 'noncommuting', 'isochoric': False, 'epsilon': 1e-06, 'ad': -1.9888676019488623, 'fd': -1.9888676017413713}
.{'case': 'noncommuting', 'isochoric': True, 'epsilon': 2e-06, 'ad': -2.0755093362090395, 'fd': -2.075509335366355}
{'case': 'noncommuting', 'isochoric': True, 'epsilon': 1e-06, 'ad': -2.0755093362090395, 'fd': -2.075509332717626}
.{'case': 'cumulative_clamps', 'isochoric': False, 'epsilon': 1e-07, 'ad': -14.746860511067593, 'fd': -14.746860520244553}
{'case': 'cumulative_clamps', 'isochoric': False, 'epsilon': 5e-08, 'ad': -14.746860511067593, 'fd': -14.746860547119173}
.{'case': 'cumulative_clamps', 'isochoric': True, 'epsilon': 1e-07, 'ad': 2.257323739058645, 'fd': 2.257323773960663}
{'case': 'cumulative_clamps', 'isochoric': True, 'epsilon': 5e-08, 'ad': 2.257323739058645, 'fd': 2.257323723489396}
.{'case': 'singular_value_floor', 'isochoric': False, 'epsilon': 1e-09, 'ad': -8.601973298748126, 'fd': -8.60197442151197}
{'case': 'singular_value_floor', 'isochoric': False, 'epsilon': 5e-10, 'ad': -8.601973298748126, 'fd': -8.601974301154982}
.{'case': 'singular_value_floor', 'isochoric': True, 'epsilon': 1e-09, 'ad': -10.75118615786485, 'fd': -10.751188832977144}
{'case': 'singular_value_floor', 'isochoric': True, 'epsilon': 5e-10, 'ad': -10.75118615786485, 'fd': -10.751180130598847}
...{'new_count': 128, 'max_absolute_error': 1.7285346984863281e-06, 'max_tolerance_ratio': 0.12685750424861908}
.{'new_count': 20000, 'max_absolute_error': 0.0, 'max_tolerance_ratio': 0.0}
......

=============================== warnings summary ===============================
tests/test_assimilation_adjoint_cuda.py::test_torch_cuda_graph_forward_backward_replays_changed_inputs_and_seed[n1_float64-False]
  /data/relcfd/chayo/physmorph_v2/work/p303/code_assimilation5/tests/test_assimilation_adjoint_cuda.py:245: UserWarning: Converting a tensor with requires_grad=True to a scalar may lead to unexpected behavior.
  Consider using tensor.detach() first. (Triggered internally at /pytorch/torch/csrc/autograd/generated/python_variable_methods.cpp:835.)
    assert float((actual-before).abs().max()) > 1e-5

-- Docs: https://docs.pytest.org/en/stable/how-to/capture-warnings.html
- generated xml file: /data/relcfd/chayo/physmorph_v2/work/p303/p333_cuda5.xml -
======================== 23 passed, 1 warning in 2.73s =========================
